{
  "chars1": { "type": "unchanged", "value": ["a", "b", "c"] },
  "chars2": {
    "type": "changed",
    "original_value": ["d", "e", "f"],
    "new_value": false
  },
  "checked": {"type": "changed", "original_value": false, "new_value": true},
  "default": {
    "type": "changed",
    "original_value": null,
    "new_value": ["value1", "value2"]
  },
  "id": {"type": "changed", "original_value": 45, "new_value": null},
  "key1": {"type": "deleted", "value": "value1"},
  "key2": {"type": "added", "value": "value2"},
  "null_key": {"type": "unchanged", "value": null},
  "numbers1": { "type": "unchanged", "value": [1, 2, 3, 4] },
  "numbers2": {
    "type": "changed",
    "original_value": [2, 3, 4, 5],
    "new_value": [22, 33, 44, 55]
  },
  "numbers3": { "type": "deleted", "value": [3, 4, 5] },
  "numbers4": { "type": "added", "value": [4, 5, 6] },
  "obj1": {
    "type": "added",
    "value": {"nestedKey": "value", "isNested": true}
  },
  "setting1": {
    "type"         : "changed"      ,
    "original_value": "Some value"   ,
    "new_value"     : "Another value"
  },
  "setting2": {"type": "changed", "original_value": 200, "new_value": 300},
  "setting3": {"type": "changed", "original_value": true, "new_value": "none"}
}
